Copyright 1986-2022 Xilinx, Inc. All Rights Reserved. Copyright 2022-2025 Advanced Micro Devices, Inc. All Rights Reserved.
---------------------------------------------------------------------------------------------------------------------------------------------------------------------------------------------------------------------------------------------------
| Tool Version : Vivado v.2025.1 (win64) Build 6140274 Thu May 22 00:12:29 MDT 2025
| Date         : Thu Mar 12 10:40:13 2026
| Host         : Laptop-Aryan running 64-bit major release  (build 9200)
| Command      : report_timing_summary -max_paths 10 -routable_nets -report_unconstrained -file traffic_light_timing_summary_routed.rpt -pb traffic_light_timing_summary_routed.pb -rpx traffic_light_timing_summary_routed.rpx -warn_on_violation
| Design       : traffic_light
| Device       : 7a100t-csg324
| Speed File   : -1  PRODUCTION 1.23 2018-06-13
| Design State : Routed
---------------------------------------------------------------------------------------------------------------------------------------------------------------------------------------------------------------------------------------------------

Timing Summary Report

------------------------------------------------------------------------------------------------
| Timer Settings
| --------------
------------------------------------------------------------------------------------------------

  Enable Multi Corner Analysis               :  Yes
  Enable Pessimism Removal                   :  Yes
  Pessimism Removal Resolution               :  Nearest Common Node
  Enable Input Delay Default Clock           :  No
  Enable Preset / Clear Arcs                 :  No
  Disable Flight Delays                      :  No
  Ignore I/O Paths                           :  No
  Timing Early Launch at Borrowing Latches   :  No
  Borrow Time for Max Delay Exceptions       :  Yes
  Merge Timing Exceptions                    :  Yes
  Inter-SLR Compensation                     :  Conservative

  Corner  Analyze    Analyze    
  Name    Max Paths  Min Paths  
  ------  ---------  ---------  
  Slow    Yes        Yes        
  Fast    Yes        Yes        


------------------------------------------------------------------------------------------------
| Report Methodology
| ------------------
------------------------------------------------------------------------------------------------

Rule       Severity          Description                  Violations  
---------  ----------------  ---------------------------  ----------  
TIMING-17  Critical Warning  Non-clocked sequential cell  63          

Note: This report is based on the most recent report_methodology run and may not be up-to-date. Run report_methodology on the current design for the latest report.



check_timing report

Table of Contents
-----------------
1. checking no_clock (63)
2. checking constant_clock (0)
3. checking pulse_width_clock (0)
4. checking unconstrained_internal_endpoints (158)
5. checking no_input_delay (1)
6. checking no_output_delay (8)
7. checking multiple_clock (0)
8. checking generated_clocks (0)
9. checking loops (0)
10. checking partial_input_delay (0)
11. checking partial_output_delay (0)
12. checking latch_loops (0)

1. checking no_clock (63)
-------------------------
 There are 63 register/latch pins with no clock driven by root clock pin: clk (HIGH)


2. checking constant_clock (0)
------------------------------
 There are 0 register/latch pins with constant_clock.


3. checking pulse_width_clock (0)
---------------------------------
 There are 0 register/latch pins which need pulse_width check


4. checking unconstrained_internal_endpoints (158)
--------------------------------------------------
 There are 158 pins that are not constrained for maximum delay. (HIGH)

 There are 0 pins that are not constrained for maximum delay due to constant clock.


5. checking no_input_delay (1)
------------------------------
 There is 1 input port with no input delay specified. (HIGH)

 There are 0 input ports with no input delay but user has a false path constraint.


6. checking no_output_delay (8)
-------------------------------
 There are 8 ports with no output delay specified. (HIGH)

 There are 0 ports with no output delay but user has a false path constraint

 There are 0 ports with no output delay but with a timing clock defined on it or propagating through it


7. checking multiple_clock (0)
------------------------------
 There are 0 register/latch pins with multiple clocks.


8. checking generated_clocks (0)
--------------------------------
 There are 0 generated clocks that are not connected to a clock source.


9. checking loops (0)
---------------------
 There are 0 combinational loops in the design.


10. checking partial_input_delay (0)
------------------------------------
 There are 0 input ports with partial input delay specified.


11. checking partial_output_delay (0)
-------------------------------------
 There are 0 ports with partial output delay specified.


12. checking latch_loops (0)
----------------------------
 There are 0 combinational latch loops in the design through latch input



------------------------------------------------------------------------------------------------
| Design Timing Summary
| ---------------------
------------------------------------------------------------------------------------------------

    WNS(ns)      TNS(ns)  TNS Failing Endpoints  TNS Total Endpoints      WHS(ns)      THS(ns)  THS Failing Endpoints  THS Total Endpoints     WPWS(ns)     TPWS(ns)  TPWS Failing Endpoints  TPWS Total Endpoints  
    -------      -------  ---------------------  -------------------      -------      -------  ---------------------  -------------------     --------     --------  ----------------------  --------------------  
        inf        0.000                      0                  166          inf        0.000                      0                  166           NA           NA                      NA                    NA  


There are no user specified timing constraints.


------------------------------------------------------------------------------------------------
| Clock Summary
| -------------
------------------------------------------------------------------------------------------------


------------------------------------------------------------------------------------------------
| Intra Clock Table
| -----------------
------------------------------------------------------------------------------------------------

Clock             WNS(ns)      TNS(ns)  TNS Failing Endpoints  TNS Total Endpoints      WHS(ns)      THS(ns)  THS Failing Endpoints  THS Total Endpoints     WPWS(ns)     TPWS(ns)  TPWS Failing Endpoints  TPWS Total Endpoints  
-----             -------      -------  ---------------------  -------------------      -------      -------  ---------------------  -------------------     --------     --------  ----------------------  --------------------  


------------------------------------------------------------------------------------------------
| Inter Clock Table
| -----------------
------------------------------------------------------------------------------------------------

From Clock    To Clock          WNS(ns)      TNS(ns)  TNS Failing Endpoints  TNS Total Endpoints      WHS(ns)      THS(ns)  THS Failing Endpoints  THS Total Endpoints  
----------    --------          -------      -------  ---------------------  -------------------      -------      -------  ---------------------  -------------------  


------------------------------------------------------------------------------------------------
| Other Path Groups Table
| -----------------------
------------------------------------------------------------------------------------------------

Path Group    From Clock    To Clock          WNS(ns)      TNS(ns)  TNS Failing Endpoints  TNS Total Endpoints      WHS(ns)      THS(ns)  THS Failing Endpoints  THS Total Endpoints  
----------    ----------    --------          -------      -------  ---------------------  -------------------      -------      -------  ---------------------  -------------------  


------------------------------------------------------------------------------------------------
| User Ignored Path Table
| -----------------------
------------------------------------------------------------------------------------------------

Path Group    From Clock    To Clock    
----------    ----------    --------    


------------------------------------------------------------------------------------------------
| Unconstrained Path Table
| ------------------------
------------------------------------------------------------------------------------------------

Path Group    From Clock    To Clock    
----------    ----------    --------    
(none)                                    


------------------------------------------------------------------------------------------------
| Timing Details
| --------------
------------------------------------------------------------------------------------------------


--------------------------------------------------------------------------------------
Path Group:  (none)
From Clock:  
  To Clock:  

Max Delay           166 Endpoints
Min Delay           166 Endpoints
--------------------------------------------------------------------------------------


Max Delay Paths
--------------------------------------------------------------------------------------
Slack:                    inf
  Source:                 FSM_sequential_state_reg[0]/C
                            (rising edge-triggered cell FDCE)
  Destination:            ledW[2]
                            (output port)
  Path Group:             (none)
  Path Type:              Max at Slow Process Corner
  Data Path Delay:        7.495ns  (logic 4.331ns (57.789%)  route 3.164ns (42.211%))
  Logic Levels:           3  (FDCE=1 LUT3=1 OBUF=1)

    Location             Delay type                Incr(ns)  Path(ns)    Netlist Resource(s)
  -------------------------------------------------------------------    -------------------
    SLICE_X87Y108        FDCE                         0.000     0.000 r  FSM_sequential_state_reg[0]/C
    SLICE_X87Y108        FDCE (Prop_fdce_C_Q)         0.456     0.456 r  FSM_sequential_state_reg[0]/Q
                         net (fo=15, routed)          1.347     1.803    state__0[0]
    SLICE_X88Y106        LUT3 (Prop_lut3_I1_O)        0.153     1.956 r  ledW_OBUF[2]_inst_i_1/O
                         net (fo=1, routed)           1.816     3.773    ledW_OBUF[2]
    K1                   OBUF (Prop_obuf_I_O)         3.722     7.495 r  ledW_OBUF[2]_inst/O
                         net (fo=0)                   0.000     7.495    ledW[2]
    K1                                                                r  ledW[2] (OUT)
  -------------------------------------------------------------------    -------------------

Slack:                    inf
  Source:                 FSM_sequential_state_reg[0]/C
                            (rising edge-triggered cell FDCE)
  Destination:            ledS[1]
                            (output port)
  Path Group:             (none)
  Path Type:              Max at Slow Process Corner
  Data Path Delay:        7.247ns  (logic 4.096ns (56.526%)  route 3.151ns (43.474%))
  Logic Levels:           3  (FDCE=1 LUT3=1 OBUF=1)

    Location             Delay type                Incr(ns)  Path(ns)    Netlist Resource(s)
  -------------------------------------------------------------------    -------------------
    SLICE_X87Y108        FDCE                         0.000     0.000 r  FSM_sequential_state_reg[0]/C
    SLICE_X87Y108        FDCE (Prop_fdce_C_Q)         0.456     0.456 r  FSM_sequential_state_reg[0]/Q
                         net (fo=15, routed)          1.347     1.803    state__0[0]
    SLICE_X88Y106        LUT3 (Prop_lut3_I0_O)        0.124     1.927 r  ledS_OBUF[1]_inst_i_1/O
                         net (fo=1, routed)           1.803     3.731    ledS_OBUF[1]
    J4                   OBUF (Prop_obuf_I_O)         3.516     7.247 r  ledS_OBUF[1]_inst/O
                         net (fo=0)                   0.000     7.247    ledS[1]
    J4                                                                r  ledS[1] (OUT)
  -------------------------------------------------------------------    -------------------

Slack:                    inf
  Source:                 FSM_sequential_state_reg[2]/C
                            (rising edge-triggered cell FDCE)
  Destination:            ledN[1]
                            (output port)
  Path Group:             (none)
  Path Type:              Max at Slow Process Corner
  Data Path Delay:        7.192ns  (logic 4.407ns (61.279%)  route 2.785ns (38.721%))
  Logic Levels:           3  (FDCE=1 LUT3=1 OBUF=1)

    Location             Delay type                Incr(ns)  Path(ns)    Netlist Resource(s)
  -------------------------------------------------------------------    -------------------
    SLICE_X88Y108        FDCE                         0.000     0.000 r  FSM_sequential_state_reg[2]/C
    SLICE_X88Y108        FDCE (Prop_fdce_C_Q)         0.518     0.518 r  FSM_sequential_state_reg[2]/Q
                         net (fo=49, routed)          0.870     1.388    state__0[2]
    SLICE_X87Y108        LUT3 (Prop_lut3_I2_O)        0.152     1.540 r  ledN_OBUF[1]_inst_i_1/O
                         net (fo=1, routed)           1.915     3.455    ledN_OBUF[1]
    F6                   OBUF (Prop_obuf_I_O)         3.737     7.192 r  ledN_OBUF[1]_inst/O
                         net (fo=0)                   0.000     7.192    ledN[1]
    F6                                                                r  ledN[1] (OUT)
  -------------------------------------------------------------------    -------------------

Slack:                    inf
  Source:                 FSM_sequential_state_reg[0]/C
                            (rising edge-triggered cell FDCE)
  Destination:            ledW[1]
                            (output port)
  Path Group:             (none)
  Path Type:              Max at Slow Process Corner
  Data Path Delay:        7.055ns  (logic 4.353ns (61.707%)  route 2.702ns (38.293%))
  Logic Levels:           3  (FDCE=1 LUT3=1 OBUF=1)

    Location             Delay type                Incr(ns)  Path(ns)    Netlist Resource(s)
  -------------------------------------------------------------------    -------------------
    SLICE_X87Y108        FDCE                         0.000     0.000 r  FSM_sequential_state_reg[0]/C
    SLICE_X87Y108        FDCE (Prop_fdce_C_Q)         0.456     0.456 r  FSM_sequential_state_reg[0]/Q
                         net (fo=15, routed)          0.839     1.295    state__0[0]
    SLICE_X88Y108        LUT3 (Prop_lut3_I1_O)        0.152     1.447 r  ledW_OBUF[1]_inst_i_1/O
                         net (fo=1, routed)           1.863     3.310    ledW_OBUF[1]
    H6                   OBUF (Prop_obuf_I_O)         3.745     7.055 r  ledW_OBUF[1]_inst/O
                         net (fo=0)                   0.000     7.055    ledW[1]
    H6                                                                r  ledW[1] (OUT)
  -------------------------------------------------------------------    -------------------

Slack:                    inf
  Source:                 FSM_sequential_state_reg[2]/C
                            (rising edge-triggered cell FDCE)
  Destination:            ledS[2]
                            (output port)
  Path Group:             (none)
  Path Type:              Max at Slow Process Corner
  Data Path Delay:        6.863ns  (logic 4.178ns (60.875%)  route 2.685ns (39.125%))
  Logic Levels:           3  (FDCE=1 LUT3=1 OBUF=1)

    Location             Delay type                Incr(ns)  Path(ns)    Netlist Resource(s)
  -------------------------------------------------------------------    -------------------
    SLICE_X88Y108        FDCE                         0.000     0.000 r  FSM_sequential_state_reg[2]/C
    SLICE_X88Y108        FDCE (Prop_fdce_C_Q)         0.518     0.518 f  FSM_sequential_state_reg[2]/Q
                         net (fo=49, routed)          0.886     1.404    state__0[2]
    SLICE_X87Y108        LUT3 (Prop_lut3_I2_O)        0.124     1.528 r  ledS_OBUF[2]_inst_i_1/O
                         net (fo=1, routed)           1.799     3.327    ledS_OBUF[2]
    G3                   OBUF (Prop_obuf_I_O)         3.536     6.863 r  ledS_OBUF[2]_inst/O
                         net (fo=0)                   0.000     6.863    ledS[2]
    G3                                                                r  ledS[2] (OUT)
  -------------------------------------------------------------------    -------------------

Slack:                    inf
  Source:                 FSM_sequential_state_reg[0]/C
                            (rising edge-triggered cell FDCE)
  Destination:            ledN[2]
                            (output port)
  Path Group:             (none)
  Path Type:              Max at Slow Process Corner
  Data Path Delay:        6.826ns  (logic 4.122ns (60.385%)  route 2.704ns (39.615%))
  Logic Levels:           3  (FDCE=1 LUT3=1 OBUF=1)

    Location             Delay type                Incr(ns)  Path(ns)    Netlist Resource(s)
  -------------------------------------------------------------------    -------------------
    SLICE_X87Y108        FDCE                         0.000     0.000 r  FSM_sequential_state_reg[0]/C
    SLICE_X87Y108        FDCE (Prop_fdce_C_Q)         0.456     0.456 r  FSM_sequential_state_reg[0]/Q
                         net (fo=15, routed)          0.839     1.295    state__0[0]
    SLICE_X88Y108        LUT3 (Prop_lut3_I2_O)        0.124     1.419 r  ledN_OBUF[2]_inst_i_1/O
                         net (fo=1, routed)           1.865     3.284    ledN_OBUF[2]
    G6                   OBUF (Prop_obuf_I_O)         3.542     6.826 r  ledN_OBUF[2]_inst/O
                         net (fo=0)                   0.000     6.826    ledN[2]
    G6                                                                r  ledN[2] (OUT)
  -------------------------------------------------------------------    -------------------

Slack:                    inf
  Source:                 FSM_sequential_state_reg[1]/C
                            (rising edge-triggered cell FDCE)
  Destination:            ledE[1]
                            (output port)
  Path Group:             (none)
  Path Type:              Max at Slow Process Corner
  Data Path Delay:        6.809ns  (logic 4.095ns (60.141%)  route 2.714ns (39.859%))
  Logic Levels:           3  (FDCE=1 LUT2=1 OBUF=1)

    Location             Delay type                Incr(ns)  Path(ns)    Netlist Resource(s)
  -------------------------------------------------------------------    -------------------
    SLICE_X87Y108        FDCE                         0.000     0.000 r  FSM_sequential_state_reg[1]/C
    SLICE_X87Y108        FDCE (Prop_fdce_C_Q)         0.456     0.456 f  FSM_sequential_state_reg[1]/Q
                         net (fo=17, routed)          1.037     1.493    state__0[1]
    SLICE_X88Y106        LUT2 (Prop_lut2_I1_O)        0.124     1.617 r  ledE_OBUF[1]_inst_i_1/O
                         net (fo=1, routed)           1.677     3.294    ledE_OBUF[1]
    J2                   OBUF (Prop_obuf_I_O)         3.515     6.809 r  ledE_OBUF[1]_inst/O
                         net (fo=0)                   0.000     6.809    ledE[1]
    J2                                                                r  ledE[1] (OUT)
  -------------------------------------------------------------------    -------------------

Slack:                    inf
  Source:                 FSM_sequential_state_reg[0]/C
                            (rising edge-triggered cell FDCE)
  Destination:            ledE[2]
                            (output port)
  Path Group:             (none)
  Path Type:              Max at Slow Process Corner
  Data Path Delay:        6.770ns  (logic 4.088ns (60.393%)  route 2.681ns (39.607%))
  Logic Levels:           3  (FDCE=1 LUT3=1 OBUF=1)

    Location             Delay type                Incr(ns)  Path(ns)    Netlist Resource(s)
  -------------------------------------------------------------------    -------------------
    SLICE_X87Y108        FDCE                         0.000     0.000 r  FSM_sequential_state_reg[0]/C
    SLICE_X87Y108        FDCE (Prop_fdce_C_Q)         0.456     0.456 r  FSM_sequential_state_reg[0]/Q
                         net (fo=15, routed)          1.156     1.612    state__0[0]
    SLICE_X88Y106        LUT3 (Prop_lut3_I0_O)        0.124     1.736 r  ledE_OBUF[2]_inst_i_1/O
                         net (fo=1, routed)           1.525     3.261    ledE_OBUF[2]
    J3                   OBUF (Prop_obuf_I_O)         3.508     6.770 r  ledE_OBUF[2]_inst/O
                         net (fo=0)                   0.000     6.770    ledE[2]
    J3                                                                r  ledE[2] (OUT)
  -------------------------------------------------------------------    -------------------

Slack:                    inf
  Source:                 traffic_counter_reg[8]/C
                            (rising edge-triggered cell FDCE)
  Destination:            traffic_counter_reg[30]/D
  Path Group:             (none)
  Path Type:              Max at Slow Process Corner
  Data Path Delay:        6.171ns  (logic 0.952ns (15.428%)  route 5.219ns (84.572%))
  Logic Levels:           5  (FDCE=1 LUT4=1 LUT6=3)

    Location             Delay type                Incr(ns)  Path(ns)    Netlist Resource(s)
  -------------------------------------------------------------------    -------------------
    SLICE_X87Y107        FDCE                         0.000     0.000 r  traffic_counter_reg[8]/C
    SLICE_X87Y107        FDCE (Prop_fdce_C_Q)         0.456     0.456 f  traffic_counter_reg[8]/Q
                         net (fo=2, routed)           1.299     1.755    traffic_counter[8]
    SLICE_X87Y107        LUT4 (Prop_lut4_I0_O)        0.124     1.879 f  FSM_sequential_state[2]_i_18/O
                         net (fo=2, routed)           0.949     2.828    FSM_sequential_state[2]_i_18_n_0
    SLICE_X87Y110        LUT6 (Prop_lut6_I3_O)        0.124     2.952 f  FSM_sequential_state[2]_i_11/O
                         net (fo=5, routed)           1.118     4.071    FSM_sequential_state[2]_i_11_n_0
    SLICE_X87Y105        LUT6 (Prop_lut6_I0_O)        0.124     4.195 f  traffic_counter[31]_i_4/O
                         net (fo=32, routed)          1.852     6.047    traffic_counter[31]_i_4_n_0
    SLICE_X87Y113        LUT6 (Prop_lut6_I2_O)        0.124     6.171 r  traffic_counter[30]_i_1/O
                         net (fo=1, routed)           0.000     6.171    traffic_counter[30]_i_1_n_0
    SLICE_X87Y113        FDCE                                         r  traffic_counter_reg[30]/D
  -------------------------------------------------------------------    -------------------

Slack:                    inf
  Source:                 traffic_counter_reg[8]/C
                            (rising edge-triggered cell FDCE)
  Destination:            traffic_counter_reg[29]/D
  Path Group:             (none)
  Path Type:              Max at Slow Process Corner
  Data Path Delay:        6.169ns  (logic 0.952ns (15.433%)  route 5.217ns (84.567%))
  Logic Levels:           5  (FDCE=1 LUT4=1 LUT6=3)

    Location             Delay type                Incr(ns)  Path(ns)    Netlist Resource(s)
  -------------------------------------------------------------------    -------------------
    SLICE_X87Y107        FDCE                         0.000     0.000 r  traffic_counter_reg[8]/C
    SLICE_X87Y107        FDCE (Prop_fdce_C_Q)         0.456     0.456 f  traffic_counter_reg[8]/Q
                         net (fo=2, routed)           1.299     1.755    traffic_counter[8]
    SLICE_X87Y107        LUT4 (Prop_lut4_I0_O)        0.124     1.879 f  FSM_sequential_state[2]_i_18/O
                         net (fo=2, routed)           0.949     2.828    FSM_sequential_state[2]_i_18_n_0
    SLICE_X87Y110        LUT6 (Prop_lut6_I3_O)        0.124     2.952 f  FSM_sequential_state[2]_i_11/O
                         net (fo=5, routed)           1.118     4.071    FSM_sequential_state[2]_i_11_n_0
    SLICE_X87Y105        LUT6 (Prop_lut6_I0_O)        0.124     4.195 f  traffic_counter[31]_i_4/O
                         net (fo=32, routed)          1.850     6.045    traffic_counter[31]_i_4_n_0
    SLICE_X87Y113        LUT6 (Prop_lut6_I2_O)        0.124     6.169 r  traffic_counter[29]_i_1/O
                         net (fo=1, routed)           0.000     6.169    traffic_counter[29]_i_1_n_0
    SLICE_X87Y113        FDCE                                         r  traffic_counter_reg[29]/D
  -------------------------------------------------------------------    -------------------





Min Delay Paths
--------------------------------------------------------------------------------------
Slack:                    inf
  Source:                 clk_1s_reg/C
                            (rising edge-triggered cell FDCE)
  Destination:            traffic_counter_reg[10]/CE
  Path Group:             (none)
  Path Type:              Min at Fast Process Corner
  Data Path Delay:        0.294ns  (logic 0.141ns (47.997%)  route 0.153ns (52.003%))
  Logic Levels:           1  (FDCE=1)

    Location             Delay type                Incr(ns)  Path(ns)    Netlist Resource(s)
  -------------------------------------------------------------------    -------------------
    SLICE_X83Y108        FDCE                         0.000     0.000 r  clk_1s_reg/C
    SLICE_X83Y108        FDCE (Prop_fdce_C_Q)         0.141     0.141 r  clk_1s_reg/Q
                         net (fo=36, routed)          0.153     0.294    clk_1s_reg_n_0
    SLICE_X85Y108        FDCE                                         r  traffic_counter_reg[10]/CE
  -------------------------------------------------------------------    -------------------

Slack:                    inf
  Source:                 clk_1s_reg/C
                            (rising edge-triggered cell FDCE)
  Destination:            traffic_counter_reg[11]/CE
  Path Group:             (none)
  Path Type:              Min at Fast Process Corner
  Data Path Delay:        0.294ns  (logic 0.141ns (47.997%)  route 0.153ns (52.003%))
  Logic Levels:           1  (FDCE=1)

    Location             Delay type                Incr(ns)  Path(ns)    Netlist Resource(s)
  -------------------------------------------------------------------    -------------------
    SLICE_X83Y108        FDCE                         0.000     0.000 r  clk_1s_reg/C
    SLICE_X83Y108        FDCE (Prop_fdce_C_Q)         0.141     0.141 r  clk_1s_reg/Q
                         net (fo=36, routed)          0.153     0.294    clk_1s_reg_n_0
    SLICE_X85Y108        FDCE                                         r  traffic_counter_reg[11]/CE
  -------------------------------------------------------------------    -------------------

Slack:                    inf
  Source:                 clk_1s_reg/C
                            (rising edge-triggered cell FDCE)
  Destination:            traffic_counter_reg[12]/CE
  Path Group:             (none)
  Path Type:              Min at Fast Process Corner
  Data Path Delay:        0.294ns  (logic 0.141ns (47.997%)  route 0.153ns (52.003%))
  Logic Levels:           1  (FDCE=1)

    Location             Delay type                Incr(ns)  Path(ns)    Netlist Resource(s)
  -------------------------------------------------------------------    -------------------
    SLICE_X83Y108        FDCE                         0.000     0.000 r  clk_1s_reg/C
    SLICE_X83Y108        FDCE (Prop_fdce_C_Q)         0.141     0.141 r  clk_1s_reg/Q
                         net (fo=36, routed)          0.153     0.294    clk_1s_reg_n_0
    SLICE_X85Y108        FDCE                                         r  traffic_counter_reg[12]/CE
  -------------------------------------------------------------------    -------------------

Slack:                    inf
  Source:                 clk_1s_reg/C
                            (rising edge-triggered cell FDCE)
  Destination:            traffic_counter_reg[9]/CE
  Path Group:             (none)
  Path Type:              Min at Fast Process Corner
  Data Path Delay:        0.294ns  (logic 0.141ns (47.997%)  route 0.153ns (52.003%))
  Logic Levels:           1  (FDCE=1)

    Location             Delay type                Incr(ns)  Path(ns)    Netlist Resource(s)
  -------------------------------------------------------------------    -------------------
    SLICE_X83Y108        FDCE                         0.000     0.000 r  clk_1s_reg/C
    SLICE_X83Y108        FDCE (Prop_fdce_C_Q)         0.141     0.141 r  clk_1s_reg/Q
                         net (fo=36, routed)          0.153     0.294    clk_1s_reg_n_0
    SLICE_X85Y108        FDCE                                         r  traffic_counter_reg[9]/CE
  -------------------------------------------------------------------    -------------------

Slack:                    inf
  Source:                 clk_1s_reg/C
                            (rising edge-triggered cell FDCE)
  Destination:            traffic_counter_reg[4]/CE
  Path Group:             (none)
  Path Type:              Min at Fast Process Corner
  Data Path Delay:        0.353ns  (logic 0.141ns (39.964%)  route 0.212ns (60.036%))
  Logic Levels:           1  (FDCE=1)

    Location             Delay type                Incr(ns)  Path(ns)    Netlist Resource(s)
  -------------------------------------------------------------------    -------------------
    SLICE_X83Y108        FDCE                         0.000     0.000 r  clk_1s_reg/C
    SLICE_X83Y108        FDCE (Prop_fdce_C_Q)         0.141     0.141 r  clk_1s_reg/Q
                         net (fo=36, routed)          0.212     0.353    clk_1s_reg_n_0
    SLICE_X85Y106        FDCE                                         r  traffic_counter_reg[4]/CE
  -------------------------------------------------------------------    -------------------

Slack:                    inf
  Source:                 clk_1s_reg/C
                            (rising edge-triggered cell FDCE)
  Destination:            clk_1s_reg/D
  Path Group:             (none)
  Path Type:              Min at Fast Process Corner
  Data Path Delay:        0.354ns  (logic 0.186ns (52.507%)  route 0.168ns (47.493%))
  Logic Levels:           2  (FDCE=1 LUT6=1)

    Location             Delay type                Incr(ns)  Path(ns)    Netlist Resource(s)
  -------------------------------------------------------------------    -------------------
    SLICE_X83Y108        FDCE                         0.000     0.000 r  clk_1s_reg/C
    SLICE_X83Y108        FDCE (Prop_fdce_C_Q)         0.141     0.141 f  clk_1s_reg/Q
                         net (fo=36, routed)          0.168     0.309    clk_1s_reg_n_0
    SLICE_X83Y108        LUT6 (Prop_lut6_I5_O)        0.045     0.354 r  clk_1s_i_1/O
                         net (fo=1, routed)           0.000     0.354    clk_1s
    SLICE_X83Y108        FDCE                                         r  clk_1s_reg/D
  -------------------------------------------------------------------    -------------------

Slack:                    inf
  Source:                 traffic_counter_reg[0]/C
                            (rising edge-triggered cell FDCE)
  Destination:            traffic_counter_reg[0]/D
  Path Group:             (none)
  Path Type:              Min at Fast Process Corner
  Data Path Delay:        0.358ns  (logic 0.209ns (58.341%)  route 0.149ns (41.659%))
  Logic Levels:           2  (FDCE=1 LUT6=1)

    Location             Delay type                Incr(ns)  Path(ns)    Netlist Resource(s)
  -------------------------------------------------------------------    -------------------
    SLICE_X88Y106        FDCE                         0.000     0.000 r  traffic_counter_reg[0]/C
    SLICE_X88Y106        FDCE (Prop_fdce_C_Q)         0.164     0.164 f  traffic_counter_reg[0]/Q
                         net (fo=5, routed)           0.149     0.313    traffic_counter[0]
    SLICE_X88Y106        LUT6 (Prop_lut6_I5_O)        0.045     0.358 r  traffic_counter[0]_i_1/O
                         net (fo=1, routed)           0.000     0.358    traffic_counter[0]_i_1_n_0
    SLICE_X88Y106        FDCE                                         r  traffic_counter_reg[0]/D
  -------------------------------------------------------------------    -------------------

Slack:                    inf
  Source:                 clk_1s_reg/C
                            (rising edge-triggered cell FDCE)
  Destination:            traffic_counter_reg[5]/CE
  Path Group:             (none)
  Path Type:              Min at Fast Process Corner
  Data Path Delay:        0.361ns  (logic 0.141ns (39.101%)  route 0.220ns (60.899%))
  Logic Levels:           1  (FDCE=1)

    Location             Delay type                Incr(ns)  Path(ns)    Netlist Resource(s)
  -------------------------------------------------------------------    -------------------
    SLICE_X83Y108        FDCE                         0.000     0.000 r  clk_1s_reg/C
    SLICE_X83Y108        FDCE (Prop_fdce_C_Q)         0.141     0.141 r  clk_1s_reg/Q
                         net (fo=36, routed)          0.220     0.361    clk_1s_reg_n_0
    SLICE_X87Y107        FDCE                                         r  traffic_counter_reg[5]/CE
  -------------------------------------------------------------------    -------------------

Slack:                    inf
  Source:                 clk_1s_reg/C
                            (rising edge-triggered cell FDCE)
  Destination:            traffic_counter_reg[6]/CE
  Path Group:             (none)
  Path Type:              Min at Fast Process Corner
  Data Path Delay:        0.361ns  (logic 0.141ns (39.101%)  route 0.220ns (60.899%))
  Logic Levels:           1  (FDCE=1)

    Location             Delay type                Incr(ns)  Path(ns)    Netlist Resource(s)
  -------------------------------------------------------------------    -------------------
    SLICE_X83Y108        FDCE                         0.000     0.000 r  clk_1s_reg/C
    SLICE_X83Y108        FDCE (Prop_fdce_C_Q)         0.141     0.141 r  clk_1s_reg/Q
                         net (fo=36, routed)          0.220     0.361    clk_1s_reg_n_0
    SLICE_X87Y107        FDCE                                         r  traffic_counter_reg[6]/CE
  -------------------------------------------------------------------    -------------------

Slack:                    inf
  Source:                 clk_1s_reg/C
                            (rising edge-triggered cell FDCE)
  Destination:            traffic_counter_reg[8]/CE
  Path Group:             (none)
  Path Type:              Min at Fast Process Corner
  Data Path Delay:        0.361ns  (logic 0.141ns (39.101%)  route 0.220ns (60.899%))
  Logic Levels:           1  (FDCE=1)

    Location             Delay type                Incr(ns)  Path(ns)    Netlist Resource(s)
  -------------------------------------------------------------------    -------------------
    SLICE_X83Y108        FDCE                         0.000     0.000 r  clk_1s_reg/C
    SLICE_X83Y108        FDCE (Prop_fdce_C_Q)         0.141     0.141 r  clk_1s_reg/Q
                         net (fo=36, routed)          0.220     0.361    clk_1s_reg_n_0
    SLICE_X87Y107        FDCE                                         r  traffic_counter_reg[8]/CE
  -------------------------------------------------------------------    -------------------





